// Vitest Snapshot v1, https://vitest.dev/guide/snapshot.html

exports[`Mount component 1`] = `"<v-menu-stub data-v-cdcb6889=\\"\\" class=\\"v-select\\" disabled=\\"false\\" attached=\\"true\\" is-same-width=\\"true\\" show-arrow=\\"false\\" close-on-content-click=\\"true\\" placement=\\"bottom\\"></v-menu-stub>"`;
