// Vitest Snapshot v1, https://vitest.dev/guide/snapshot.html

exports[`Mount component 1`] = `"<span data-v-273d8978=\\"\\" class=\\"v-breadcrumb\\"><span data-v-273d8978=\\"\\" class=\\"section\\"><!--v-if--><router-link-stub data-v-273d8978=\\"\\" to=\\"hi\\" class=\\"section-link\\"></router-link-stub></span><span data-v-273d8978=\\"\\" class=\\"section\\"><v-icon-stub data-v-273d8978=\\"\\" name=\\"chevron_right\\" small=\\"\\"></v-icon-stub><router-link-stub data-v-273d8978=\\"\\" to=\\"wow\\" class=\\"section-link\\"></router-link-stub></span><span data-v-273d8978=\\"\\" class=\\"section disabled\\"><v-icon-stub data-v-273d8978=\\"\\" name=\\"chevron_right\\" small=\\"\\"></v-icon-stub><span data-v-273d8978=\\"\\" class=\\"section-link\\"><!--v-if--> Disabled</span></span></span>"`;
