// Vitest Snapshot v1, https://vitest.dev/guide/snapshot.html

exports[`Mount component 1`] = `"<span data-v-0a28d51c=\\"\\" class=\\"v-highlight\\"><span data-v-0a28d51c=\\"\\">Th</span><mark data-v-0a28d51c=\\"\\" class=\\"highlight\\">is</mark><span data-v-0a28d51c=\\"\\"> </span><mark data-v-0a28d51c=\\"\\" class=\\"highlight\\">is</mark><span data-v-0a28d51c=\\"\\"> a nice </span><mark data-v-0a28d51c=\\"\\" class=\\"highlight\\">text</mark></span>"`;
