// Vitest Snapshot v1, https://vitest.dev/guide/snapshot.html

exports[`Mount component 1`] = `"<span data-v-0a28d51c="" class="v-highlight">Th<mark data-v-0a28d51c="" class="highlight">is</mark> <mark data-v-0a28d51c="" class="highlight">is</mark> a nice <mark data-v-0a28d51c="" class="highlight">text</mark></span>"`;
